{
  "version": "1.5.0",
  "plugins_used": [
    {
      "name": "ArtifactoryDetector"
    },
    {
      "name": "AWSKeyDetector"
    },
    {
      "name": "AzureStorageKeyDetector"
    },
    {
      "name": "Base64HighEntropyString",
      "limit": 4.5
    },
    {
      "name": "BasicAuthDetector"
    },
    {
      "name": "CloudantDetector"
    },
    {
      "name": "DiscordBotTokenDetector"
    },
    {
      "name": "GitHubTokenDetector"
    },
    {
      "name": "GitLabTokenDetector"
    },
    {
      "name": "HexHighEntropyString",
      "limit": 3.0
    },
    {
      "name": "IbmCloudIamDetector"
    },
    {
      "name": "IbmCosHmacDetector"
    },
    {
      "name": "IPPublicDetector"
    },
    {
      "name": "JwtTokenDetector"
    },
    {
      "name": "KeywordDetector",
      "keyword_exclude": ""
    },
    {
      "name": "MailchimpDetector"
    },
    {
      "name": "NpmDetector"
    },
    {
      "name": "OpenAIDetector"
    },
    {
      "name": "PrivateKeyDetector"
    },
    {
      "name": "PypiTokenDetector"
    },
    {
      "name": "SendGridDetector"
    },
    {
      "name": "SlackDetector"
    },
    {
      "name": "SoftlayerDetector"
    },
    {
      "name": "SquareOAuthDetector"
    },
    {
      "name": "StripeDetector"
    },
    {
      "name": "TelegramBotTokenDetector"
    },
    {
      "name": "TwilioKeyDetector"
    }
  ],
  "filters_used": [
    {
      "path": "detect_secrets.filters.allowlist.is_line_allowlisted"
    },
    {
      "path": "detect_secrets.filters.common.is_baseline_file",
      "filename": ".secrets.baseline"
    },
    {
      "path": "detect_secrets.filters.common.is_ignored_due_to_verification_policies",
      "min_level": 2
    },
    {
      "path": "detect_secrets.filters.heuristic.is_indirect_reference"
    },
    {
      "path": "detect_secrets.filters.heuristic.is_likely_id_string"
    },
    {
      "path": "detect_secrets.filters.heuristic.is_lock_file"
    },
    {
      "path": "detect_secrets.filters.heuristic.is_not_alphanumeric_string"
    },
    {
      "path": "detect_secrets.filters.heuristic.is_potential_uuid"
    },
    {
      "path": "detect_secrets.filters.heuristic.is_prefixed_with_dollar_sign"
    },
    {
      "path": "detect_secrets.filters.heuristic.is_sequential_string"
    },
    {
      "path": "detect_secrets.filters.heuristic.is_swagger_file"
    },
    {
      "path": "detect_secrets.filters.heuristic.is_templated_secret"
    }
  ],
  "results": {
    ".claude/commands/check-security.md": [
      {
        "type": "Secret Keyword",
        "filename": ".claude/commands/check-security.md",
        "hashed_secret": "f7228ea6b178df32077280927f544cf46831a5e7",
        "is_verified": false,
        "line_number": 146
      }
    ],
    ".claude/skills/databricks-lakebase-autoscale/connection-patterns.md": [
      {
        "type": "Basic Auth Credentials",
        "filename": ".claude/skills/databricks-lakebase-autoscale/connection-patterns.md",
        "hashed_secret": "5baa61e4c9b93f3f0682250b6cf8331b7ee68fd8",
        "is_verified": false,
        "line_number": 238
      }
    ],
    ".claude/skills/databricks-lakebase-provisioned/connection-patterns.md": [
      {
        "type": "Basic Auth Credentials",
        "filename": ".claude/skills/databricks-lakebase-provisioned/connection-patterns.md",
        "hashed_secret": "5baa61e4c9b93f3f0682250b6cf8331b7ee68fd8",
        "is_verified": false,
        "line_number": 197
      }
    ],
    ".claude/skills/databricks-python-sdk/SKILL.md": [
      {
        "type": "Secret Keyword",
        "filename": ".claude/skills/databricks-python-sdk/SKILL.md",
        "hashed_secret": "e5e9fa1ba31ecd1ae84f75caaa474f3a663f05f4",
        "is_verified": false,
        "line_number": 157
      }
    ],
    ".claude/skills/databricks-python-sdk/examples/1-authentication.py": [
      {
        "type": "Secret Keyword",
        "filename": ".claude/skills/databricks-python-sdk/examples/1-authentication.py",
        "hashed_secret": "c303df00cd0a72b21c62900b758b06fc541664ce",
        "is_verified": false,
        "line_number": 53
      }
    ],
    ".config/lazy-nvim/lazy-lock.json": [
      {
        "type": "Hex High Entropy String",
        "filename": ".config/lazy-nvim/lazy-lock.json",
        "hashed_secret": "583aef7aa145e92970c9d03259fcf44f4709b431",
        "is_verified": false,
        "line_number": 2
      },
      {
        "type": "Hex High Entropy String",
        "filename": ".config/lazy-nvim/lazy-lock.json",
        "hashed_secret": "ab6205db65a40d55653f8d76e8f7cf8d492a8d85",
        "is_verified": false,
        "line_number": 3
      },
      {
        "type": "Hex High Entropy String",
        "filename": ".config/lazy-nvim/lazy-lock.json",
        "hashed_secret": "aa455856e07c47989e9ab2f00b3acada8a14e21d",
        "is_verified": false,
        "line_number": 4
      },
      {
        "type": "Hex High Entropy String",
        "filename": ".config/lazy-nvim/lazy-lock.json",
        "hashed_secret": "217a15796d860c5a32b800e93991f78fede08086",
        "is_verified": false,
        "line_number": 5
      },
      {
        "type": "Hex High Entropy String",
        "filename": ".config/lazy-nvim/lazy-lock.json",
        "hashed_secret": "f641641a8bdc94978f3708f203bde81d1ddef19e",
        "is_verified": false,
        "line_number": 6
      },
      {
        "type": "Hex High Entropy String",
        "filename": ".config/lazy-nvim/lazy-lock.json",
        "hashed_secret": "a05794a478a7b2c50f9411b5aa3e61ca7995c00e",
        "is_verified": false,
        "line_number": 7
      },
      {
        "type": "Hex High Entropy String",
        "filename": ".config/lazy-nvim/lazy-lock.json",
        "hashed_secret": "8d4efefc8cd728cec93e4dec56d2573bc5d878ae",
        "is_verified": false,
        "line_number": 8
      },
      {
        "type": "Hex High Entropy String",
        "filename": ".config/lazy-nvim/lazy-lock.json",
        "hashed_secret": "4756ebd45934a02d2542fe7861a88ca70d386d93",
        "is_verified": false,
        "line_number": 9
      },
      {
        "type": "Hex High Entropy String",
        "filename": ".config/lazy-nvim/lazy-lock.json",
        "hashed_secret": "c30a592974e25e0c81d9bbb34d9ad47ea7d55dc5",
        "is_verified": false,
        "line_number": 10
      },
      {
        "type": "Hex High Entropy String",
        "filename": ".config/lazy-nvim/lazy-lock.json",
        "hashed_secret": "4be68b84b03fadba92359212145514d97d523fe6",
        "is_verified": false,
        "line_number": 11
      },
      {
        "type": "Hex High Entropy String",
        "filename": ".config/lazy-nvim/lazy-lock.json",
        "hashed_secret": "a5284911c25cf12666009ef38d3776277d5529d2",
        "is_verified": false,
        "line_number": 12
      },
      {
        "type": "Hex High Entropy String",
        "filename": ".config/lazy-nvim/lazy-lock.json",
        "hashed_secret": "05e1c6cb1f70c2b1760a0fd48fbbac03093f7388",
        "is_verified": false,
        "line_number": 13
      },
      {
        "type": "Hex High Entropy String",
        "filename": ".config/lazy-nvim/lazy-lock.json",
        "hashed_secret": "9c1302a2faec1ab7af60d67653ea5c2fed8815ef",
        "is_verified": false,
        "line_number": 14
      },
      {
        "type": "Hex High Entropy String",
        "filename": ".config/lazy-nvim/lazy-lock.json",
        "hashed_secret": "6466d217ff8ad516db4f8f2d954b6ef7c0d667b4",
        "is_verified": false,
        "line_number": 15
      },
      {
        "type": "Hex High Entropy String",
        "filename": ".config/lazy-nvim/lazy-lock.json",
        "hashed_secret": "b805e4aadb910cd73a5fa83c88ed26a694e48cce",
        "is_verified": false,
        "line_number": 16
      },
      {
        "type": "Hex High Entropy String",
        "filename": ".config/lazy-nvim/lazy-lock.json",
        "hashed_secret": "dd3a1a217827a21290e90f0d07f502b0d56d211a",
        "is_verified": false,
        "line_number": 17
      },
      {
        "type": "Hex High Entropy String",
        "filename": ".config/lazy-nvim/lazy-lock.json",
        "hashed_secret": "46889f8c0f32842f0f6a78824e5394a5ef1a42fa",
        "is_verified": false,
        "line_number": 18
      },
      {
        "type": "Hex High Entropy String",
        "filename": ".config/lazy-nvim/lazy-lock.json",
        "hashed_secret": "8bf0050081c4c40f423aba2d7145648068774395",
        "is_verified": false,
        "line_number": 19
      },
      {
        "type": "Hex High Entropy String",
        "filename": ".config/lazy-nvim/lazy-lock.json",
        "hashed_secret": "790d08c1189ed3b7077fae0c44fc5c50b147dd0f",
        "is_verified": false,
        "line_number": 20
      },
      {
        "type": "Hex High Entropy String",
        "filename": ".config/lazy-nvim/lazy-lock.json",
        "hashed_secret": "b4035e21e845f317416c0b2ff364166eea340df9",
        "is_verified": false,
        "line_number": 21
      },
      {
        "type": "Hex High Entropy String",
        "filename": ".config/lazy-nvim/lazy-lock.json",
        "hashed_secret": "5bb4648c4b8d90a196beb1cfe0913426e8c0570b",
        "is_verified": false,
        "line_number": 22
      },
      {
        "type": "Hex High Entropy String",
        "filename": ".config/lazy-nvim/lazy-lock.json",
        "hashed_secret": "970bdfe0a2f543115d311408daf7b69066e64ba3",
        "is_verified": false,
        "line_number": 23
      },
      {
        "type": "Hex High Entropy String",
        "filename": ".config/lazy-nvim/lazy-lock.json",
        "hashed_secret": "6989e2c23062c3971de3daf142978b8da9912f9d",
        "is_verified": false,
        "line_number": 24
      },
      {
        "type": "Hex High Entropy String",
        "filename": ".config/lazy-nvim/lazy-lock.json",
        "hashed_secret": "13a42f8a6aaad30c842a3cb25d50a3c00dc1b251",
        "is_verified": false,
        "line_number": 25
      },
      {
        "type": "Hex High Entropy String",
        "filename": ".config/lazy-nvim/lazy-lock.json",
        "hashed_secret": "d6cbc15e7c076df0ef3e5315573fd15e2c477ad4",
        "is_verified": false,
        "line_number": 26
      },
      {
        "type": "Hex High Entropy String",
        "filename": ".config/lazy-nvim/lazy-lock.json",
        "hashed_secret": "b32e46d514cc34b868aad3d16502472539988d82",
        "is_verified": false,
        "line_number": 27
      },
      {
        "type": "Hex High Entropy String",
        "filename": ".config/lazy-nvim/lazy-lock.json",
        "hashed_secret": "cf66add08f482497941ac6e7d3daba05f3ef481d",
        "is_verified": false,
        "line_number": 28
      },
      {
        "type": "Hex High Entropy String",
        "filename": ".config/lazy-nvim/lazy-lock.json",
        "hashed_secret": "0fb25fa55bdd60e6a9d6fcd94b600187d5ea6cfb",
        "is_verified": false,
        "line_number": 29
      },
      {
        "type": "Hex High Entropy String",
        "filename": ".config/lazy-nvim/lazy-lock.json",
        "hashed_secret": "1d90d2d6a3cffb00d5751a43ff5dc910860bf8e9",
        "is_verified": false,
        "line_number": 30
      },
      {
        "type": "Hex High Entropy String",
        "filename": ".config/lazy-nvim/lazy-lock.json",
        "hashed_secret": "b482841443b6bcb8c76e15f5f200db84f3792107",
        "is_verified": false,
        "line_number": 31
      },
      {
        "type": "Hex High Entropy String",
        "filename": ".config/lazy-nvim/lazy-lock.json",
        "hashed_secret": "262a0c50406947f1b10bdaffb1810c75d4c7fccf",
        "is_verified": false,
        "line_number": 32
      },
      {
        "type": "Hex High Entropy String",
        "filename": ".config/lazy-nvim/lazy-lock.json",
        "hashed_secret": "83fa26d88e60f164d25e2114784bc2a380b2ca42",
        "is_verified": false,
        "line_number": 33
      },
      {
        "type": "Hex High Entropy String",
        "filename": ".config/lazy-nvim/lazy-lock.json",
        "hashed_secret": "d91e51eca45432e7ebfafc008fc6da1853d59de0",
        "is_verified": false,
        "line_number": 34
      },
      {
        "type": "Hex High Entropy String",
        "filename": ".config/lazy-nvim/lazy-lock.json",
        "hashed_secret": "f60d4f9fd3603bd94fe496af59751b6836e20965",
        "is_verified": false,
        "line_number": 35
      },
      {
        "type": "Hex High Entropy String",
        "filename": ".config/lazy-nvim/lazy-lock.json",
        "hashed_secret": "4d9e8162c92d31d9e85d348bb727da8694bbd19a",
        "is_verified": false,
        "line_number": 36
      },
      {
        "type": "Hex High Entropy String",
        "filename": ".config/lazy-nvim/lazy-lock.json",
        "hashed_secret": "4d214cee281b241ca2f213f9e8aeae69c3f62a7c",
        "is_verified": false,
        "line_number": 37
      },
      {
        "type": "Hex High Entropy String",
        "filename": ".config/lazy-nvim/lazy-lock.json",
        "hashed_secret": "d3c47232da4c3bc0528e1c6e0d4ab43a3cc069bd",
        "is_verified": false,
        "line_number": 38
      },
      {
        "type": "Hex High Entropy String",
        "filename": ".config/lazy-nvim/lazy-lock.json",
        "hashed_secret": "414e3d93ff5d9b0f78b9463cf2207fc8333d54b0",
        "is_verified": false,
        "line_number": 39
      },
      {
        "type": "Hex High Entropy String",
        "filename": ".config/lazy-nvim/lazy-lock.json",
        "hashed_secret": "daa18e30401eb59ff1ce5701c6e548ad0bb17700",
        "is_verified": false,
        "line_number": 40
      },
      {
        "type": "Hex High Entropy String",
        "filename": ".config/lazy-nvim/lazy-lock.json",
        "hashed_secret": "9a97af45d465dfa156dd2100f03a6f98092fb5d3",
        "is_verified": false,
        "line_number": 41
      },
      {
        "type": "Hex High Entropy String",
        "filename": ".config/lazy-nvim/lazy-lock.json",
        "hashed_secret": "d4eae38ff045e893c2bdd94e7dbc5d425109ad62",
        "is_verified": false,
        "line_number": 42
      },
      {
        "type": "Hex High Entropy String",
        "filename": ".config/lazy-nvim/lazy-lock.json",
        "hashed_secret": "40907e1d7cfb76d60b0d04cb11a3f1abb4570be0",
        "is_verified": false,
        "line_number": 43
      },
      {
        "type": "Hex High Entropy String",
        "filename": ".config/lazy-nvim/lazy-lock.json",
        "hashed_secret": "be079ee3772f7c093e884876c1b37c7076698119",
        "is_verified": false,
        "line_number": 44
      },
      {
        "type": "Hex High Entropy String",
        "filename": ".config/lazy-nvim/lazy-lock.json",
        "hashed_secret": "09022964902ad1832280a90b273344f8c4d6c38c",
        "is_verified": false,
        "line_number": 45
      },
      {
        "type": "Hex High Entropy String",
        "filename": ".config/lazy-nvim/lazy-lock.json",
        "hashed_secret": "9b5b4e02ad6161313ccd7838d8a13958ea9cbe7b",
        "is_verified": false,
        "line_number": 46
      },
      {
        "type": "Hex High Entropy String",
        "filename": ".config/lazy-nvim/lazy-lock.json",
        "hashed_secret": "8038994bf26fbd417a89077f6ef31d1ebf6544f9",
        "is_verified": false,
        "line_number": 47
      },
      {
        "type": "Hex High Entropy String",
        "filename": ".config/lazy-nvim/lazy-lock.json",
        "hashed_secret": "b0ea3c8a9f3e55a936c4343eb8ebc7f08d3cceb9",
        "is_verified": false,
        "line_number": 48
      },
      {
        "type": "Hex High Entropy String",
        "filename": ".config/lazy-nvim/lazy-lock.json",
        "hashed_secret": "b374253d38b2a2e0f60889db202e7b2f5ae1849e",
        "is_verified": false,
        "line_number": 49
      },
      {
        "type": "Hex High Entropy String",
        "filename": ".config/lazy-nvim/lazy-lock.json",
        "hashed_secret": "670997e2dc94a65e9dbc1843d93deb7ded627a31",
        "is_verified": false,
        "line_number": 50
      },
      {
        "type": "Hex High Entropy String",
        "filename": ".config/lazy-nvim/lazy-lock.json",
        "hashed_secret": "93c672ad7660afa08cd4759a2eab6581a4a51ddb",
        "is_verified": false,
        "line_number": 51
      },
      {
        "type": "Hex High Entropy String",
        "filename": ".config/lazy-nvim/lazy-lock.json",
        "hashed_secret": "725cb667d626e01da9f6854ffe9b979a9d04bfe1",
        "is_verified": false,
        "line_number": 52
      },
      {
        "type": "Hex High Entropy String",
        "filename": ".config/lazy-nvim/lazy-lock.json",
        "hashed_secret": "44ea8b1f6c0eb6b762042bb6df988f909db6e86d",
        "is_verified": false,
        "line_number": 53
      },
      {
        "type": "Hex High Entropy String",
        "filename": ".config/lazy-nvim/lazy-lock.json",
        "hashed_secret": "35675ce92c87f301df921713afb8bcbcb55578a2",
        "is_verified": false,
        "line_number": 54
      },
      {
        "type": "Hex High Entropy String",
        "filename": ".config/lazy-nvim/lazy-lock.json",
        "hashed_secret": "1e9695103ad862d92da10292fbf09fd8263843ab",
        "is_verified": false,
        "line_number": 55
      },
      {
        "type": "Hex High Entropy String",
        "filename": ".config/lazy-nvim/lazy-lock.json",
        "hashed_secret": "75842ef8e50bb624e56c5ca14baa3e1d4aea0671",
        "is_verified": false,
        "line_number": 56
      },
      {
        "type": "Hex High Entropy String",
        "filename": ".config/lazy-nvim/lazy-lock.json",
        "hashed_secret": "8c9b8325ac9f1b5244bfa928f60cfe7e0595f825",
        "is_verified": false,
        "line_number": 57
      },
      {
        "type": "Hex High Entropy String",
        "filename": ".config/lazy-nvim/lazy-lock.json",
        "hashed_secret": "6d15ee8833710d2855ebaa90624fedf7d41c5fb3",
        "is_verified": false,
        "line_number": 58
      },
      {
        "type": "Hex High Entropy String",
        "filename": ".config/lazy-nvim/lazy-lock.json",
        "hashed_secret": "981d9335450b84272d3e271c355e6dfc1307fb13",
        "is_verified": false,
        "line_number": 59
      },
      {
        "type": "Hex High Entropy String",
        "filename": ".config/lazy-nvim/lazy-lock.json",
        "hashed_secret": "e12dbca56cd5a0ad00da1fd4e03f1f798aecc6a3",
        "is_verified": false,
        "line_number": 60
      },
      {
        "type": "Hex High Entropy String",
        "filename": ".config/lazy-nvim/lazy-lock.json",
        "hashed_secret": "3edf3bb5dd87172e9948cffdaa81fbe058272741",
        "is_verified": false,
        "line_number": 61
      },
      {
        "type": "Hex High Entropy String",
        "filename": ".config/lazy-nvim/lazy-lock.json",
        "hashed_secret": "4a480f1f66dedc51b112c6c60208b5333f6c3c38",
        "is_verified": false,
        "line_number": 62
      },
      {
        "type": "Hex High Entropy String",
        "filename": ".config/lazy-nvim/lazy-lock.json",
        "hashed_secret": "1bca32c74a42f27f1adea643d10380ce45500779",
        "is_verified": false,
        "line_number": 63
      },
      {
        "type": "Hex High Entropy String",
        "filename": ".config/lazy-nvim/lazy-lock.json",
        "hashed_secret": "3c0c1dbee0f5ed28a8947ac9519a6c333eee44c6",
        "is_verified": false,
        "line_number": 64
      },
      {
        "type": "Hex High Entropy String",
        "filename": ".config/lazy-nvim/lazy-lock.json",
        "hashed_secret": "f74e293d7f3cbea3435732dcc1704c5c03d8105e",
        "is_verified": false,
        "line_number": 65
      }
    ],
    ".env.ktown4u.example": [
      {
        "type": "Secret Keyword",
        "filename": ".env.ktown4u.example",
        "hashed_secret": "c55473d983a9b8784e2823f538f6d1d0b9936c4e",
        "is_verified": false,
        "line_number": 22
      }
    ],
    ".zsh.after/msbaek.zsh": [
      {
        "type": "Secret Keyword",
        "filename": ".zsh.after/msbaek.zsh",
        "hashed_secret": "34552cbe91dbb08d790677edf6015aa36bce266c",
        "is_verified": false,
        "line_number": 249
      }
    ]
  },
  "generated_at": "2026-04-16T00:42:20Z"
}
